
> @business-saas/api@1.0.0 build
> nest build

